// Jest Snapshot v1, https://goo.gl/fbAQLP

exports[`Testing StatisticsTops Should display 1`] = `
<div
  className="row"
>
  <div
    className="col-md-6 col-xs-12"
  >
    <h5
      style={
        Object {
          "borderBottom": "1px solid #d0d0d0",
          "fontSize": "1.75rem",
          "marginBottom": "1rem",
          "paddingBottom": "1rem",
        }
      }
    >
      Les plus visités
    </h5>
    <ul
      style={
        Object {
          "listStyleType": "none",
          "paddingLeft": "5px",
        }
      }
    />
  </div>
  <div
    className="col-md-6 col-xs-12"
  >
    <h5
      style={
        Object {
          "borderBottom": "1px solid #d0d0d0",
          "fontSize": "1.75rem",
          "marginBottom": "1rem",
          "paddingBottom": "1rem",
        }
      }
    >
      Les moins visités
    </h5>
    <ul
      style={
        Object {
          "listStyleType": "none",
          "paddingLeft": "5px",
        }
      }
    />
  </div>
</div>
`;
