// Jest Snapshot v1, https://goo.gl/fbAQLP

exports[`App Should render 1`] = `
<div>
  <h1>
    Hello 
    React
    !
  </h1>
  <div>
    Ticks : 
    0
  </div>
  <div>
    <button
      onClick={[Function]}
    >
      
    </button>
  </div>
  <div>
    <button
      onClick={[Function]}
    >
      
    </button>
  </div>
</div>
`;
