// Jest Snapshot v1, https://goo.gl/fbAQLP

exports[`App Should render 1`] = `
<div
  style={
    Object {
      "alignItems": "center",
      "display": "flex",
      "flexFlow": "column nowrap",
    }
  }
>
  <h1>
    Hello 
    !
  </h1>
</div>
`;
