// Jest Snapshot v1, https://goo.gl/fbAQLP

exports[`Button component Button should button display 1`] = `
<div>
  <button
    onClick={[Function]}
  >
    
  </button>
</div>
`;
