// Jest Snapshot v1, https://goo.gl/fbAQLP

exports[`Testing Todos Should display 1`] = `<div />`;
