// Jest Snapshot v1, https://goo.gl/fbAQLP

exports[`Button Should display button 1`] = `
<div>
  <button
    onClick={[Function]}
  >
    
  </button>
</div>
`;
